// Jest Snapshot v1, https://goo.gl/fbAQLP

exports[`HeaderBackground Snapshot HeaderBackground Component should render correctly 1`] = `
<StyledComponent
  forwardedComponent={
    Object {
      "$$typeof": Symbol(react.forward_ref),
      "attrs": Array [],
      "componentStyle": ComponentStyle {
        "componentId": "sc-bdVaJa",
        "isStatic": true,
        "rules": Array [
          "
    background-color: ",
          "#202020",
          ";
    background-image: url(",
          "process: function process(src, filename, config, options) {
    return 'module.exports = ' + JSON.stringify(path.basename(filename)) + ';';
  };",
          ");
    background-repeat: no-repeat;
    background-blend-mode: overlay;
",
        ],
      },
      "displayName": "styled.div",
      "foldedComponentIds": Array [],
      "render": [Function],
      "styledComponentId": "sc-bdVaJa",
      "target": "div",
      "toString": [Function],
      "warnTooManyClasses": [Function],
      "withComponent": [Function],
    }
  }
  forwardedRef={null}
/>
`;
